// Jest Snapshot v1, https://goo.gl/fbAQLP

exports[`VALoanBenefits Component renders 1`] = `
<section>
  <div>
    <h2>
      VA Loan Benefits
    </h2>
    <p>
      
                        VA Loans offer unique benefits to eligible veterans and
                        active duty servicemen and women who are looking for:
                    
    </p>
    <div>
      <div>
        <div>
          <svg
            aria-hidden="true"
            class="svg-inline--fa fa-check fa-w-16 "
            data-icon="check"
            data-prefix="fas"
            focusable="false"
            role="img"
            viewBox="0 0 512 512"
            xmlns="http://www.w3.org/2000/svg"
          >
            <path
              d="M173.898 439.404l-166.4-166.4c-9.997-9.997-9.997-26.206 0-36.204l36.203-36.204c9.997-9.998 26.207-9.998 36.204 0L192 312.69 432.095 72.596c9.997-9.997 26.207-9.997 36.204 0l36.203 36.204c9.997 9.997 9.997 26.206 0 36.204l-294.4 294.401c-9.998 9.997-26.207 9.997-36.204-.001z"
              fill="currentColor"
            />
          </svg>
          <strong>
            No Money Down
          </strong>
        </div>
        <div>
          <svg
            aria-hidden="true"
            class="svg-inline--fa fa-check fa-w-16 "
            data-icon="check"
            data-prefix="fas"
            focusable="false"
            role="img"
            viewBox="0 0 512 512"
            xmlns="http://www.w3.org/2000/svg"
          >
            <path
              d="M173.898 439.404l-166.4-166.4c-9.997-9.997-9.997-26.206 0-36.204l36.203-36.204c9.997-9.998 26.207-9.998 36.204 0L192 312.69 432.095 72.596c9.997-9.997 26.207-9.997 36.204 0l36.203 36.204c9.997 9.997 9.997 26.206 0 36.204l-294.4 294.401c-9.998 9.997-26.207 9.997-36.204-.001z"
              fill="currentColor"
            />
          </svg>
          <strong>
            No Mortgage Insurance
          </strong>
        </div>
        <div>
          <svg
            aria-hidden="true"
            class="svg-inline--fa fa-check fa-w-16 "
            data-icon="check"
            data-prefix="fas"
            focusable="false"
            role="img"
            viewBox="0 0 512 512"
            xmlns="http://www.w3.org/2000/svg"
          >
            <path
              d="M173.898 439.404l-166.4-166.4c-9.997-9.997-9.997-26.206 0-36.204l36.203-36.204c9.997-9.998 26.207-9.998 36.204 0L192 312.69 432.095 72.596c9.997-9.997 26.207-9.997 36.204 0l36.203 36.204c9.997 9.997 9.997 26.206 0 36.204l-294.4 294.401c-9.998 9.997-26.207 9.997-36.204-.001z"
              fill="currentColor"
            />
          </svg>
          <strong>
            Loan Amounts to $1.5 Million
          </strong>
        </div>
        <div>
          <svg
            aria-hidden="true"
            class="svg-inline--fa fa-check fa-w-16 "
            data-icon="check"
            data-prefix="fas"
            focusable="false"
            role="img"
            viewBox="0 0 512 512"
            xmlns="http://www.w3.org/2000/svg"
          >
            <path
              d="M173.898 439.404l-166.4-166.4c-9.997-9.997-9.997-26.206 0-36.204l36.203-36.204c9.997-9.998 26.207-9.998 36.204 0L192 312.69 432.095 72.596c9.997-9.997 26.207-9.997 36.204 0l36.203 36.204c9.997 9.997 9.997 26.206 0 36.204l-294.4 294.401c-9.998 9.997-26.207 9.997-36.204-.001z"
              fill="currentColor"
            />
          </svg>
          <strong>
            Credit Scores as Low as 500
          </strong>
        </div>
        <div>
          <svg
            aria-hidden="true"
            class="svg-inline--fa fa-check fa-w-16 "
            data-icon="check"
            data-prefix="fas"
            focusable="false"
            role="img"
            viewBox="0 0 512 512"
            xmlns="http://www.w3.org/2000/svg"
          >
            <path
              d="M173.898 439.404l-166.4-166.4c-9.997-9.997-9.997-26.206 0-36.204l36.203-36.204c9.997-9.998 26.207-9.998 36.204 0L192 312.69 432.095 72.596c9.997-9.997 26.207-9.997 36.204 0l36.203 36.204c9.997 9.997 9.997 26.206 0 36.204l-294.4 294.401c-9.998 9.997-26.207 9.997-36.204-.001z"
              fill="currentColor"
            />
          </svg>
          <strong>
            Competitive Rates
          </strong>
        </div>
        <div>
          <svg
            aria-hidden="true"
            class="svg-inline--fa fa-check fa-w-16 "
            data-icon="check"
            data-prefix="fas"
            focusable="false"
            role="img"
            viewBox="0 0 512 512"
            xmlns="http://www.w3.org/2000/svg"
          >
            <path
              d="M173.898 439.404l-166.4-166.4c-9.997-9.997-9.997-26.206 0-36.204l36.203-36.204c9.997-9.998 26.207-9.998 36.204 0L192 312.69 432.095 72.596c9.997-9.997 26.207-9.997 36.204 0l36.203 36.204c9.997 9.997 9.997 26.206 0 36.204l-294.4 294.401c-9.998 9.997-26.207 9.997-36.204-.001z"
              fill="currentColor"
            />
          </svg>
          <strong>
            Great Loans for First-Time Homebuyers
          </strong>
        </div>
      </div>
    </div>
    <strong>
      Thank you for your service!
    </strong>
  </div>
</section>
`;
