// Jest Snapshot v1, https://goo.gl/fbAQLP

exports[`SelfEmployed component renders 1`] = `
<section>
  <div>
    <h1>
      Are you self-employed
    </h1>
    <h1>
      and need a mortgage?
    </h1>
    <h1>
      We can Help!
    </h1>
    <h3>
      Self-employed borrowers looking for a mortgage can qualify without tax returns
    </h3>
    <a
      href="/conventional"
    >
      <button
        type="button"
      >
        Apply Now
      </button>
    </a>
    <a
      href="tel:8888186393"
    >
      (888) 818-6393
    </a>
  </div>
</section>
`;
