// Jest Snapshot v1, https://goo.gl/fbAQLP

exports[`NationsPremier component renders 1`] = `
<section>
  <div>
    <h1>
      Nation's Premier
    </h1>
    <h1>
      Mortgage Lender
    </h1>
    <h3>
      Mortgages for Self-Employed Borrowers and Investors
    </h3>
    <p>
      We have made the mortgage process fast and easy to reduce costs, unnecessary steps, and time-wasting appointments. So what are you waiting for? Click the button below to get started!
    </p>
    <a
      href="/conventional"
    >
      <button
        type="button"
      >
        Get Started
      </button>
    </a>
    <a
      href="tel:8888186393"
    >
      (888) 818-6393
    </a>
  </div>
</section>
`;
