// Jest Snapshot v1, https://goo.gl/fbAQLP

exports[`IsFHALoanRight Component renders 1`] = `
<section
  id="isFHALoanRightSection"
>
  <div>
    <img
      alt="Is FHA loan right image"
    />
  </div>
  <div>
    <h2>
      Is an FHA Loan Right For You?
    </h2>
    <strong>
      Situations in which an FHA loan makes sense:
    </strong>
    <ul>
      <li>
        To take advantage of flexible qualifications and credit requirements
      </li>
      <li>
        When your down payment of home equity is less than 20% of the loan amount
      </li>
      <li>
        To reduce monthly mortgage payments by refinancing an existing loan
      </li>
      <li>
        To access home equity through a cash-out refinance option
      </li>
    </ul>
    <button
      type="button"
    >
      Apply Now
    </button>
  </div>
</section>
`;
